D:\bunny_team\art_source\unitychan_battle_derivative\build.py:70: DeprecationWarning: 'Material.use_nodes' is expected to be removed in Blender 6.0
  mat=bpy.data.materials.new('Battle_'+name);mat.use_nodes=True
00:00.719  reports          | WARNING Path 'F:\SteamLibrary\steamapps\common\Blender\5.2\datafiles\assets\brushes\essentials_brushes-gp_draw.blend' cannot be made relative for Material 'Dots Stroke'
Blender 5.2.2 LTS (hash d13f752e3b9c built 2026-09-15 01:37:04)
00:00.719  reports          | WARNING Path 'F:\SteamLibrary\steamapps\common\Blender\5.2\datafiles\assets\brushes\essentials_brushes-gp_draw.blend' cannot be made relative for Material 'Material'
FBX version: 7300
FBX version: 7500
Info: Saved as "battle_master.blend"
INFO Draco is available, use library at F:\SteamLibrary\steamapps\common\Blender\5.2\scripts\addons_core\io_scene_gltf2\bf_intern_draco_bridge.dll
INFO MeshOptimizer is available, use library at F:\SteamLibrary\steamapps\common\Blender\5.2\scripts\addons_core\io_scene_gltf2\bf_intern_meshopt_bridge.dll
23:54:58 | INFO: Starting glTF 2.0 export
23:54:58 | INFO: Extracting primitive: Mesh.012
23:54:58 | INFO: Primitives created: 1
23:54:58 | INFO: Extracting primitive: Mesh.014
23:54:58 | INFO: Primitives created: 1
23:54:58 | INFO: Extracting primitive: Mesh.008
23:54:58 | INFO: Primitives created: 1
23:54:58 | INFO: Extracting primitive: Mesh.011
23:54:58 | INFO: Primitives created: 1
23:54:58 | INFO: Extracting primitive: Mesh.009
23:54:58 | INFO: Primitives created: 1
23:54:58 | INFO: Extracting primitive: Mesh.001
23:54:58 | INFO: Primitives created: 1
23:54:58 | INFO: Extracting primitive: Mesh.022
23:54:58 | INFO: Primitives created: 1
23:54:58 | INFO: Extracting primitive: Mesh.015
23:54:58 | INFO: Primitives created: 1
23:54:58 | INFO: Extracting primitive: Mesh.019
23:54:58 | INFO: Primitives created: 1
23:54:58 | INFO: Extracting primitive: Mesh.020
23:54:58 | INFO: Primitives created: 1
23:54:58 | INFO: Extracting primitive: Mesh.021
23:54:58 | INFO: Primitives created: 1
23:54:58 | INFO: Extracting primitive: Mesh.018
23:54:58 | INFO: Primitives created: 1
23:54:58 | INFO: Extracting primitive: head_Def
23:54:58 | INFO: Primitives created: 1
23:54:58 | INFO: Extracting primitive: Mesh.023
23:54:58 | INFO: Primitives created: 1
23:54:58 | INFO: Extracting primitive: Mesh
23:54:58 | INFO: Primitives created: 1
23:54:58 | INFO: Extracting primitive: Mesh.004
23:54:58 | INFO: Primitives created: 1
23:54:58 | INFO: Extracting primitive: Mesh.016
23:54:58 | INFO: Primitives created: 1
23:54:58 | INFO: Extracting primitive: Mesh.003
23:54:58 | INFO: Primitives created: 1
23:54:58 | INFO: Extracting primitive: Mesh.010
23:54:58 | INFO: Primitives created: 1
23:54:58 | INFO: Extracting primitive: Mesh.007
23:54:58 | INFO: Primitives created: 1
23:54:58 | INFO: Extracting primitive: Mesh.005
23:54:58 | INFO: Primitives created: 1
23:54:58 | INFO: Extracting primitive: Mesh.006
23:54:58 | INFO: Primitives created: 1
23:54:58 | INFO: Extracting primitive: Mesh.002
23:54:58 | INFO: Primitives created: 1
23:54:58 | INFO: Extracting primitive: Mesh.013
23:54:58 | INFO: Primitives created: 1
23:54:58 | INFO: Finished glTF 2.0 export in 0.3239402770996094 s

BATTLE_BUILD 37359 24 328 [-0.48041170835494995, -0.4550224542617798, -0.0019159774528816342] [0.48040321469306946, 0.2928068935871124, 1.4649872779846191]

Blender quit
