Godot Engine v4.7.2.stable.official.ed1daf0bf - https://godotengine.org
OpenGL API 3.3.0 NVIDIA 616.92 - Compatibility - Using Device: NVIDIA - NVIDIA GeForce RTX 5090

PHASE2B_ROUTE: AUTOMATED INPUT/API, NOT MANUAL; NORMAL AI; NO TELEPORT/INVULNERABILITY
CAPTURE 01_hanger (1280, 720) error=0
WAYPOINT (-16.0, 0.0, 26.0) reached (-15.6951, -0.024161, 26.13865)
CAPTURE 02_entrance (1280, 720) error=0
WAYPOINT (-16.0, 0.0, 24.7) reached (-15.97543, -0.024172, 25.03435)
WAYPOINT (-16.0, 0.0, 21.5) reached (-15.9745, -0.004176, 21.90424)
WAYPOINT (-19.5, 0.0, 21.0) reached (-19.11137, -0.005838, 21.04843)
CAPTURE 03_inside (1280, 720) error=0
WAYPOINT (-19.5, 0.0, 13.1) reached (-19.64883, -0.004933, 13.48253)
CAPTURE 04_terminal (1280, 720) error=0
WAYPOINT (-19.5, 0.0, 21.0) reached (-19.65028, -0.004317, 20.65916)
WAYPOINT (-16.0, 0.0, 21.5) reached (-16.43398, -0.005068, 21.61586)
WAYPOINT (-16.0, 0.0, 26.0) reached (-15.88551, -0.024161, 25.57944)
CAPTURE 05_exit (1280, 720) error=0
WAYPOINT (0.0, 0.0, 30.0) reached (-0.316379, -0.024161, 30.17912)
WAYPOINT (2.5, 0.0, 32.0) reached (2.126585, -0.024161, 32.14351)
OUTCOME enemies_defeated=0 damage_taken=3 mission_completed=false
CAPTURE 06_result (1280, 720) error=0
{"checks":{"Combat still works":true,"Door interaction":true,"Enter Field Office":true,"Exit Field Office":true,"Extraction":true,"Field Office entrance visible":true,"Hanger launches":true,"Interior traversal":true,"Player movement":true,"Production camera":true,"Result":true,"Return to original route":true,"Terminal area reachable":true},"combat":{"damage_taken":3,"enemies_defeated":0,"shots":60},"combat_scope":"weapon fire and normal enemy AI; kill/damage semantics are covered by regression suites","failure":"","method":"automated input/API, not manual","mission_completed":false}
