Godot Engine v4.7.2.stable.official.ed1daf0bf - https://godotengine.org
OpenGL API 3.3.0 NVIDIA 616.92 - Compatibility - Using Device: NVIDIA - NVIDIA GeForce RTX 5090

PHASE4C_ROUTE: AUTOMATED INPUT/API, NOT MANUAL; NORMAL AI; NO TELEPORT/INVULNERABILITY
CAPTURE 01_hanger (1280, 720) error=0
CAPTURE combat_MuzzleFlash (1280, 720) error=0
WAYPOINT (-16.0, 0.0, 26.0) reached (-15.59743, -0.02416, 26.17774)
CAPTURE 02_entrance (1280, 720) error=0
WAYPOINT (-16.0, 0.0, 24.7) reached (-16.08876, -0.025024, 25.03208)
WAYPOINT (-16.0, 0.0, 21.5) reached (-16.08978, -0.004968, 21.91107)
WAYPOINT (-19.5, 0.0, 21.0) reached (-19.17741, -0.004405, 21.15574)
CAPTURE 03_inside (1280, 720) error=0
CAPTURE combat_RocketTrail (1280, 720) error=0
CAPTURE combat_Explosion (1280, 720) error=0
CAPTURE switch_0_Rocket (1280, 720) error=0
CAPTURE switch_1_Rifle (1280, 720) error=0
CAPTURE combat_HitEffect (1280, 720) error=0
CAPTURE combat_ImpactSmoke (1280, 720) error=0
CAPTURE switch_2_Rocket (1280, 720) error=0
CAPTURE switch_3_Rifle (1280, 720) error=0
WAYPOINT (-19.5, 0.0, 13.1) reached (-19.47646, -0.004173, 13.48776)
CAPTURE 04_terminal (1280, 720) error=0
CAPTURE 04_combat_completed (1280, 720) error=0
CAPTURE 04b_terminal_interacted (1280, 720) error=0
WAYPOINT (-19.5, 0.0, 21.0) reached (-19.47642, -0.006164, 20.63607)
WAYPOINT (-16.0, 0.0, 21.5) reached (-16.3455, -0.004188, 21.5732)
WAYPOINT (-16.0, 0.0, 26.0) reached (-15.94541, -0.02416, 25.58797)
CAPTURE combat_DodgeStreak (1280, 720) error=0
CAPTURE 05b_after_dodge (1280, 720) error=0
CAPTURE 05_exit (1280, 720) error=0
WAYPOINT (0.0, 0.0, 30.0) reached (-0.378982, -0.024161, 30.17599)
WAYPOINT (2.5, 0.0, 32.0) reached (2.061696, -0.024161, 32.0437)
ERROR: Condition "!is_inside_tree()" is true. Returning: Transform3D()
   at: get_global_transform (scene/3d/node_3d.cpp:649)
   GDScript backtrace (most recent call first):
       [0] get_muzzle_position (res://scripts/player/character_combat_rig.gd:229)
       [1] get_muzzle_position (res://scripts/characters/humanoid_retarget_visual.gd:103)
       [2] _telegraph_shot (res://scripts/enemies/enemy_controller.gd:240)
ERROR: Condition "!is_inside_tree()" is true. Returning: Transform3D()
   at: get_global_transform (scene/3d/node_3d.cpp:649)
   GDScript backtrace (most recent call first):
       [0] get_muzzle_direction (res://scripts/player/character_combat_rig.gd:233)
       [1] get_muzzle_direction (res://scripts/characters/humanoid_retarget_visual.gd:107)
       [2] _telegraph_shot (res://scripts/enemies/enemy_controller.gd:241)
ERROR: Condition "!is_inside_world()" is true. Returning: Ref<World3D>()
   at: get_world_3d (scene/3d/node_3d.cpp:1084)
   GDScript backtrace (most recent call first):
       [0] _telegraph_shot (res://scripts/enemies/enemy_controller.gd:246)
SCRIPT ERROR: Invalid access to property or key 'direct_space_state' on a base object of type 'null instance'.
   at: EnemyController._telegraph_shot (res://scripts/enemies/enemy_controller.gd:246)
   GDScript backtrace (most recent call first):
       [0] _telegraph_shot (res://scripts/enemies/enemy_controller.gd:246)
OUTCOME enemies_defeated=0 damage_taken=24 mission_completed=false
CAPTURE 06_result (1280, 720) error=0
CAPTURE 07_return_hanger (1280, 720) error=0
{"checks":{"Combat still works":true,"Dodge executed":true,"Door interaction":true,"Enter Field Office":true,"Existing save loaded":true,"Exit Field Office":true,"Extraction":true,"Field Office entrance visible":true,"Hanger launches":true,"Initial weapon restored":true,"Interior traversal":true,"Player movement":true,"Presentation retained after return":true,"Production camera":true,"Result":true,"Result uses same session identity":true,"Return to original route":true,"Returned to Hanger":true,"Same logical profile object":true,"Same sortie Player actor":true,"Same sortie session":true,"Session cleared after commit":true,"Terminal area reachable":true,"Terminal interaction completed":true,"reload_0":true,"reload_1":true,"reload_2":true,"reload_3":true,"switch_pose_0":true,"switch_pose_1":true,"switch_pose_2":true,"switch_pose_3":true},"combat":{"damage_taken":24,"enemies_defeated":0,"mission_completed":false,"shots":106},"combat_events":{"DodgeStreak":1,"Explosion":8,"HitEffect":5,"ImpactSmoke":5,"MuzzleFlash":121,"RocketTrail":2},"combat_scope":"normal AI + input/API route; additional 8 second terminal firefight; effects observed from production tree","failure":"","method":"automated input/API, not manual","mission_completed":false,"weapon_checks":[{"ammo_after":1,"ammo_before":0,"expected_pose":"Rocket","fired":true,"id":"weapon.rocket_launcher_01","reload":true,"selected_pose":"Rocket"},{"ammo_after":30,"ammo_before":6,"expected_pose":"Rifle","fired":true,"id":"weapon.assault_rifle_01","reload":true,"selected_pose":"Rifle"},{"ammo_after":1,"ammo_before":0,"expected_pose":"Rocket","fired":true,"id":"weapon.rocket_launcher_01","reload":true,"selected_pose":"Rocket"},{"ammo_after":30,"ammo_before":29,"expected_pose":"Rifle","fired":true,"id":"weapon.assault_rifle_01","reload":true,"selected_pose":"Rifle"}]}
