Godot Engine v4.7.2.stable.official.ed1daf0bf - https://godotengine.org
OpenGL API 3.3.0 NVIDIA 616.92 - Compatibility - Using Device: NVIDIA - NVIDIA GeForce RTX 5090

PHASE4E_ROUTE: AUTOMATED INPUT/API, NOT MANUAL; NORMAL AI; NO TELEPORT/INVULNERABILITY
CAPTURE 01_hanger (1280, 720) error=0
CAPTURE combat_MuzzleFlash (1280, 720) error=0
WAYPOINT (-16.0, 0.0, 26.0) reached (-15.66189, -0.024161, 26.20889)
CAPTURE 02_entrance (1280, 720) error=0
WAYPOINT (-16.0, 0.0, 24.7) reached (-15.97416, -0.02417, 24.9948)
WAYPOINT (-16.0, 0.0, 21.5) reached (-15.96772, -0.004174, 21.85056)
WAYPOINT (-19.5, 0.0, 21.0) reached (-19.12594, -0.006165, 21.06709)
CAPTURE 03_inside (1280, 720) error=0
CAPTURE combat_RocketTrail (1280, 720) error=0
CAPTURE switch_0_Rocket (1280, 720) error=0
CAPTURE combat_HitEffect (1280, 720) error=0
CAPTURE combat_ImpactSmoke (1280, 720) error=0
CAPTURE combat_enemy_death_1 (1280, 720) error=0
CAPTURE combat_Explosion (1280, 720) error=0
CAPTURE switch_1_SMG (1280, 720) error=0
CAPTURE switch_2_Rocket (1280, 720) error=0
CAPTURE combat_enemy_fire (1280, 720) error=0
CAPTURE switch_3_SMG (1280, 720) error=0
WAYPOINT (-19.5, 0.0, 13.1) reached (-19.4728, -0.006589, 13.45386)
CAPTURE 04_terminal (1280, 720) error=0
CAPTURE 04_combat_completed (1280, 720) error=0
CAPTURE 04b_terminal_interacted (1280, 720) error=0
WAYPOINT (-19.5, 0.0, 21.0) reached (-19.43103, -0.004522, 20.63786)
WAYPOINT (-16.0, 0.0, 21.5) reached (-16.26429, -0.005099, 21.69462)
WAYPOINT (-16.0, 0.0, 26.0) reached (-15.97789, -0.024161, 25.66073)
CAPTURE combat_DodgeStreak (1280, 720) error=0
CAPTURE 05b_after_dodge (1280, 720) error=0
CAPTURE 05_exit (1280, 720) error=0
CAPTURE combat_enemy_death_2 (1280, 720) error=0
WAYPOINT (-16.0, 0.0, 32.0) reached (-15.68359, -0.024161, 32.13178)
WAYPOINT (-30.0, 0.0, 32.0) reached (-29.7031, -0.024643, 32.18513)
CAPTURE 05c_enemy_engagement (1280, 720) error=0
CAPTURE combat_enemy_death_3 (1280, 720) error=0
WAYPOINT (0.0, 0.0, 30.0) reached (-0.358373, -0.02416, 30.1806)
CAPTURE combat_enemy_death_4 (1280, 720) error=0
WAYPOINT (2.5, 0.0, 32.0) reached (2.117956, -0.024161, 31.91457)
OUTCOME enemies_defeated=4 damage_taken=18 mission_completed=false
CAPTURE 06_result (1280, 720) error=0
CAPTURE 07_return_hanger (1280, 720) error=0
{"checks":{"1280x720 evidence":true,"Combat still works":true,"Dodge executed":true,"Door interaction":true,"Drone production spawns":true,"Enemy actual muzzle flash":true,"Enemy attack telegraph":true,"Enemy hit and death in same sortie":true,"Enemy moved":true,"Enter Field Office":true,"Existing save loaded":true,"Exit Field Office":true,"Extraction":true,"Field Office entrance visible":true,"Hanger launches":true,"Initial weapon restored":true,"Interior traversal":true,"No enemy humanoid skeleton":true,"No legacy Avatar loaded":true,"Phase4C barriers retained":true,"Player hit by real enemy attack":true,"Player movement":true,"Presentation retained after return":true,"Production camera":true,"Result":true,"Result uses same session identity":true,"Return to original route":true,"Returned to Hanger":true,"Same logical profile object":true,"Same sortie Player actor":true,"Same sortie session":true,"Session cleared after commit":true,"Terminal area reachable":true,"Terminal interaction completed":true,"reload_0":true,"reload_1":true,"reload_2":true,"reload_3":true,"switch_pose_0":true,"switch_pose_1":true,"switch_pose_2":true,"switch_pose_3":true},"combat":{"damage_taken":18,"enemies_defeated":4,"mission_completed":false,"shots":115},"combat_events":{"DodgeStreak":1,"EnemyDied":4,"Explosion":8,"HitEffect":34,"ImpactSmoke":34,"MuzzleFlash":122,"RocketTrail":6},"combat_scope":"normal AI + input/API route; additional 8 second terminal firefight; effects observed from production tree","failure":"","method":"automated input/API, not manual","mission_completed":false,"weapon_checks":[{"ammo_after":1,"ammo_before":0,"expected_pose":"Rocket","fired":true,"id":"weapon.rocket_launcher_01","reload":true,"selected_pose":"Rocket"},{"ammo_after":36,"ammo_before":35,"expected_pose":"SMG","fired":true,"id":"weapon.smg_01","reload":true,"selected_pose":"SMG"},{"ammo_after":1,"ammo_before":0,"expected_pose":"Rocket","fired":true,"id":"weapon.rocket_launcher_01","reload":true,"selected_pose":"Rocket"},{"ammo_after":36,"ammo_before":35,"expected_pose":"SMG","fired":true,"id":"weapon.smg_01","reload":true,"selected_pose":"SMG"}]}
