Godot Engine v4.7.2.stable.official.ed1daf0bf - https://godotengine.org
OpenGL API 3.3.0 NVIDIA 616.92 - Compatibility - Using Device: NVIDIA - NVIDIA GeForce RTX 5090

PHASE4C1_ROUTE: AUTOMATED INPUT/API, NOT MANUAL; NORMAL AI; NO TELEPORT/INVULNERABILITY
CAPTURE 01_hanger (1028, 578) error=0
CAPTURE combat_MuzzleFlash (1028, 578) error=0
CAPTURE combat_enemy_fire (1028, 578) error=0
WAYPOINT (-16.0, 0.0, 26.0) reached (-15.72324, -0.02416, 26.1989)
CAPTURE 02_entrance (1028, 578) error=0
WAYPOINT (-16.0, 0.0, 24.7) reached (-16.0881, -0.024163, 25.05995)
WAYPOINT (-16.0, 0.0, 21.5) reached (-16.09084, -0.004165, 21.93924)
WAYPOINT (-19.5, 0.0, 21.0) reached (-19.14063, -0.006594, 21.10832)
CAPTURE 03_inside (1028, 578) error=0
CAPTURE combat_RocketTrail (1028, 578) error=0
CAPTURE combat_Explosion (1028, 578) error=0
CAPTURE switch_0_Rocket (1028, 578) error=0
CAPTURE switch_1_Rifle (1028, 578) error=0
CAPTURE combat_HitEffect (1028, 578) error=0
CAPTURE combat_ImpactSmoke (1028, 578) error=0
CAPTURE switch_2_Rocket (1028, 578) error=0
CAPTURE switch_3_Rifle (1028, 578) error=0
WAYPOINT (-19.5, 0.0, 13.1) reached (-19.48792, -0.004922, 13.54278)
CAPTURE 04_terminal (1028, 578) error=0
CAPTURE 04_combat_completed (1028, 578) error=0
CAPTURE 04b_terminal_interacted (1028, 578) error=0
WAYPOINT (-19.5, 0.0, 21.0) reached (-19.46092, -0.006007, 20.69104)
WAYPOINT (-16.0, 0.0, 21.5) reached (-16.39388, -0.004548, 21.52708)
WAYPOINT (-16.0, 0.0, 26.0) reached (-15.92139, -0.024161, 25.59781)
CAPTURE combat_DodgeStreak (1028, 578) error=0
CAPTURE 05b_after_dodge (1028, 578) error=0
CAPTURE 05_exit (1028, 578) error=0
WAYPOINT (-16.0, 0.0, 32.0) reached (-15.65848, -0.024161, 32.16338)
WAYPOINT (-30.0, 0.0, 32.0) reached (-29.68153, -0.024162, 32.19417)
CAPTURE combat_enemy_death_1 (1028, 578) error=0
CAPTURE 05c_enemy_engagement (1028, 578) error=0
WAYPOINT (0.0, 0.0, 30.0) reached (-0.340056, -0.024161, 30.1835)
WAYPOINT (2.5, 0.0, 32.0) reached (2.135125, -0.02416, 32.04327)
OUTCOME enemies_defeated=1 damage_taken=33 mission_completed=false
CAPTURE 06_result (1028, 578) error=0
CAPTURE 07_return_hanger (1028, 578) error=0
{"checks":{"Combat still works":true,"Dodge executed":true,"Door interaction":true,"Drone production spawns":true,"Enemy actual muzzle flash":true,"Enemy attack telegraph":true,"Enemy hit and death in same sortie":true,"Enemy moved":true,"Enter Field Office":true,"Existing save loaded":true,"Exit Field Office":true,"Extraction":true,"Field Office entrance visible":true,"Hanger launches":true,"Initial weapon restored":true,"Interior traversal":true,"Phase4C barriers retained":false,"Player movement":true,"Presentation retained after return":true,"Production camera":true,"Result":true,"Result uses same session identity":true,"Return to original route":true,"Returned to Hanger":true,"Same logical profile object":true,"Same sortie Player actor":true,"Same sortie session":true,"Session cleared after commit":true,"Terminal area reachable":true,"Terminal interaction completed":true,"reload_0":true,"reload_1":true,"reload_2":true,"reload_3":true,"switch_pose_0":true,"switch_pose_1":true,"switch_pose_2":true,"switch_pose_3":true},"combat":{"damage_taken":33,"enemies_defeated":1,"mission_completed":false,"shots":119},"combat_events":{"DodgeStreak":1,"EnemyDied":1,"Explosion":8,"HitEffect":13,"ImpactSmoke":13,"MuzzleFlash":132,"RocketTrail":2},"combat_scope":"normal AI + input/API route; additional 8 second terminal firefight; effects observed from production tree","failure":"","method":"automated input/API, not manual","mission_completed":false,"weapon_checks":[{"ammo_after":1,"ammo_before":0,"expected_pose":"Rocket","fired":true,"id":"weapon.rocket_launcher_01","reload":true,"selected_pose":"Rocket"},{"ammo_after":30,"ammo_before":29,"expected_pose":"Rifle","fired":true,"id":"weapon.assault_rifle_01","reload":true,"selected_pose":"Rifle"},{"ammo_after":1,"ammo_before":0,"expected_pose":"Rocket","fired":true,"id":"weapon.rocket_launcher_01","reload":true,"selected_pose":"Rocket"},{"ammo_after":30,"ammo_before":29,"expected_pose":"Rifle","fired":true,"id":"weapon.assault_rifle_01","reload":true,"selected_pose":"Rifle"}]}
