Godot Engine v4.7.2.stable.official.ed1daf0bf - https://godotengine.org
Metal 4.0 - Forward+ - Using Device #0: Apple - Apple M5 (Apple9)

DYNAMIC_GRIP weapon.pistol_01 Idle errors=(0.0, 0.0)
DYNAMIC_GRIP weapon.pistol_01 Walk errors=(0.0, 0.0)
DYNAMIC_GRIP weapon.pistol_01 Reload errors=(0.0, 0.0)
DYNAMIC_GRIP weapon.pistol_01 Dodge errors=(0.0, 0.0)
DYNAMIC_GRIP weapon.smg_01 Idle errors=(0.0, 0.0)
DYNAMIC_GRIP weapon.smg_01 Walk errors=(0.0, 0.0)
DYNAMIC_GRIP weapon.smg_01 Reload errors=(0.0, 0.0)
DYNAMIC_GRIP weapon.smg_01 Dodge errors=(0.0, 0.0)
DYNAMIC_GRIP weapon.assault_rifle_01 Idle errors=(0.0, 0.0)
DYNAMIC_GRIP weapon.assault_rifle_01 Walk errors=(0.0, 0.0)
DYNAMIC_GRIP weapon.assault_rifle_01 Reload errors=(0.0, 0.0)
DYNAMIC_GRIP weapon.assault_rifle_01 Dodge errors=(0.0, 0.0)
DYNAMIC_GRIP weapon.shotgun_01 Idle errors=(0.0, 0.0)
DYNAMIC_GRIP weapon.shotgun_01 Walk errors=(0.0, 0.0)
DYNAMIC_GRIP weapon.shotgun_01 Reload errors=(0.0, 0.0)
DYNAMIC_GRIP weapon.shotgun_01 Dodge errors=(0.0, 0.0)
DYNAMIC_GRIP weapon.sniper_01 Idle errors=(0.0, 0.0)
DYNAMIC_GRIP weapon.sniper_01 Walk errors=(0.0, 0.0)
DYNAMIC_GRIP weapon.sniper_01 Reload errors=(0.0, 0.0)
DYNAMIC_GRIP weapon.sniper_01 Dodge errors=(0.0, 0.0)
DYNAMIC_GRIP weapon.lmg_01 Idle errors=(0.0, 0.0)
DYNAMIC_GRIP weapon.lmg_01 Walk errors=(0.0, 0.0)
DYNAMIC_GRIP weapon.lmg_01 Reload errors=(0.0, 0.0)
DYNAMIC_GRIP weapon.lmg_01 Dodge errors=(0.0, 0.0)
DYNAMIC_GRIP weapon.rocket_launcher_01 Idle errors=(0.0, 0.0)
DYNAMIC_GRIP weapon.rocket_launcher_01 Walk errors=(0.0, 0.0)
DYNAMIC_GRIP weapon.rocket_launcher_01 Reload errors=(0.0, 0.0)
DYNAMIC_GRIP weapon.rocket_launcher_01 Dodge errors=(0.0, 0.0)
DYNAMIC_GRIP_TEST failures=[]
