00:00.343  blend            | Read blend: "D:\bunny_team\art_source\unitychan_battle_derivative\battle_master.blend"
Character1_Reference
('Character1_LeftHand', 'Character1_LeftForeArm', [-0.38283687829971313, -0.02760738879442215, 0.870739221572876], [-0.423258900642395, -0.03180659934878349, 0.9131392240524292])
('Character1_LeftHandThumb1', 'Character1_LeftHand', [-0.38530635833740234, -0.014407472684979439, 0.8579181432723999], [-0.3634569048881531, 0.005088908597826958, 0.8708212971687317])
('Character1_LeftHandThumb2', 'Character1_LeftHandThumb1', [-0.39036232233047485, 0.0067756883800029755, 0.8344722390174866], [-0.37027618288993835, 0.035226430743932724, 0.8379510045051575])
('Character1_LeftHandThumb3', 'Character1_LeftHandThumb2', [-0.4044418931007385, 0.020269397646188736, 0.805408775806427], [-0.3927246332168579, 0.042238760739564896, 0.8031600117683411])
('Character1_LeftHandThumb4', 'Character1_LeftHandThumb3', [-0.417468398809433, 0.02508939802646637, 0.7846222519874573], [-0.40575113892555237, 0.04705875739455223, 0.7823734879493713])
('Character1_LeftHandIndex1', 'Character1_LeftHand', [-0.4281967878341675, -0.0012555759167298675, 0.8231792449951172], [-0.4515679180622101, 0.006148661952465773, 0.8404699563980103])
('Character1_LeftHandIndex2', 'Character1_LeftHandIndex1', [-0.4449862837791443, 0.0029647741466760635, 0.7986782193183899], [-0.4621252715587616, 0.008394596166908741, 0.8113581538200378])
('Character1_LeftHandIndex3', 'Character1_LeftHandIndex2', [-0.4572986960411072, 0.006059721577912569, 0.7807105779647827], [-0.4767746329307556, 0.01222991943359375, 0.7951195240020752])
('Character1_LeftHandIndex4', 'Character1_LeftHandIndex3', [-0.4712899923324585, 0.009576716460287571, 0.7602931261062622], [-0.49076592922210693, 0.015746913850307465, 0.7747020721435547])
('Character1_LeftHandMiddle1', 'Character1_LeftHand', [-0.43151208758354187, -0.016912247985601425, 0.8212382793426514], [-0.45881369709968567, -0.014237737283110619, 0.842974841594696])
('Character1_LeftHandMiddle2', 'Character1_LeftHandMiddle1', [-0.4531565010547638, -0.014910939149558544, 0.7938061952590942], [-0.4742512106895447, -0.01284920983016491, 0.8088645935058594])
('Character1_LeftHandMiddle3', 'Character1_LeftHandMiddle2', [-0.46815165877342224, -0.013530809432268143, 0.7726110816001892], [-0.48843520879745483, -0.011548358015716076, 0.7870904207229614])
('Character1_LeftHandMiddle4', 'Character1_LeftHandMiddle3', [-0.48257017135620117, -0.012204166501760483, 0.7522308826446533], [-0.5028537511825562, -0.010221715085208416, 0.7667102813720703])
('Character1_LeftHandRing1', 'Character1_LeftHand', [-0.42991745471954346, -0.03380035609006882, 0.8219901919364929], [-0.45471808314323425, -0.038694869726896286, 0.8416110277175903])
('Character1_LeftHandRing2', 'Character1_LeftHandRing1', [-0.4495556950569153, -0.03537816181778908, 0.7967740297317505], [-0.46882930397987366, -0.039100710302591324, 0.8105823993682861])
('Character1_LeftHandRing3', 'Character1_LeftHandRing2', [-0.46339163184165955, -0.03638724982738495, 0.7771896123886108], [-0.48587751388549805, -0.040730223059654236, 0.7932993769645691])
('Character1_LeftHandRing4', 'Character1_LeftHandRing3', [-0.47953373193740845, -0.03756454586982727, 0.7543412446975708], [-0.5020195841789246, -0.04190751910209656, 0.770451009273529])
('Character1_LeftHandPinky1', 'Character1_LeftHand', [-0.42536139488220215, -0.047465063631534576, 0.8243586421012878], [-0.4455459415912628, -0.05345936864614487, 0.8412599563598633])
('Character1_LeftHandPinky2', 'Character1_LeftHandPinky1', [-0.4416501820087433, -0.05198059231042862, 0.8033042550086975], [-0.45759639143943787, -0.05669543519616127, 0.8144168853759766])
('Character1_LeftHandPinky3', 'Character1_LeftHandPinky2', [-0.45236703753471375, -0.054925739765167236, 0.7866767644882202], [-0.4722997844219208, -0.060819290578365326, 0.8005675077438354])
('Character1_LeftHandPinky4', 'Character1_LeftHandPinky3', [-0.4657630920410156, -0.05860716104507446, 0.7658923268318176], [-0.48569583892822266, -0.06450071185827255, 0.7797830700874329])
('Character1_RightHand', 'Character1_RightForeArm', [0.3832380175590515, -0.02760772779583931, 0.8707417845726013], [0.4236607551574707, -0.031807027757167816, 0.9131426811218262])
('Character1_RightHandThumb1', 'Character1_RightHand', [0.3857097029685974, -0.014403672888875008, 0.8579192161560059], [0.36386018991470337, 0.0050927395932376385, 0.8708223700523376])
('Character1_RightHandThumb2', 'Character1_RightHandThumb1', [0.3907656669616699, 0.006779555231332779, 0.8344733119010925], [0.37067949771881104, 0.03523028641939163, 0.8379520773887634])
('Character1_RightHandThumb3', 'Character1_RightHandThumb2', [0.4048451781272888, 0.02027331292629242, 0.805409848690033], [0.3931278884410858, 0.042242664843797684, 0.803161084651947])
('Character1_RightHandThumb4', 'Character1_RightHandThumb3', [0.41787177324295044, 0.02509334124624729, 0.7846233248710632], [0.40615448355674744, 0.047062695026397705, 0.7823745608329773])
('Character1_RightHandIndex1', 'Character1_RightHand', [0.4285981357097626, -0.0012559308670461178, 0.8231818079948425], [0.451969176530838, 0.00614828011021018, 0.8404724597930908])
('Character1_RightHandIndex2', 'Character1_RightHandIndex1', [0.4453875720500946, 0.0029644405003637075, 0.79868084192276], [0.46252647042274475, 0.008394239470362663, 0.811360776424408])
('Character1_RightHandIndex3', 'Character1_RightHandIndex2', [0.45770007371902466, 0.006059416104108095, 0.7807133793830872], [0.4771760106086731, 0.012229608371853828, 0.7951223850250244])
('Character1_RightHandIndex4', 'Character1_RightHandIndex3', [0.47169139981269836, 0.009576406329870224, 0.7602959275245667], [0.4911673367023468, 0.015746599063277245, 0.7747048735618591])
('Character1_RightHandMiddle1', 'Character1_RightHand', [0.4319133758544922, -0.016912614926695824, 0.8212409019470215], [0.4592148959636688, -0.014238117262721062, 0.8429773449897766])
('Character1_RightHandMiddle2', 'Character1_RightHandMiddle1', [0.45355796813964844, -0.01491432636976242, 0.7938088774681091], [0.47465285658836365, -0.012852584943175316, 0.8088673949241638])
('Character1_RightHandMiddle3', 'Character1_RightHandMiddle2', [0.46855342388153076, -0.013535882346332073, 0.7726135849952698], [0.4888369143009186, -0.011553443036973476, 0.7870928645133972])
('Character1_RightHandMiddle4', 'Character1_RightHandMiddle3', [0.48297208547592163, -0.012210466898977757, 0.7522335648536682], [0.5032556056976318, -0.010228028520941734, 0.7667128443717957])
('Character1_RightHandRing1', 'Character1_RightHand', [0.43031686544418335, -0.03380051627755165, 0.8219907879829407], [0.45511752367019653, -0.03869503736495972, 0.8416116237640381])
('Character1_RightHandRing2', 'Character1_RightHandRing1', [0.449955016374588, -0.035378310829401016, 0.796774685382843], [0.4692286252975464, -0.03910086676478386, 0.8105829954147339])
('Character1_RightHandRing3', 'Character1_RightHandRing2', [0.4637911021709442, -0.03638742119073868, 0.7771903276443481], [0.4862769842147827, -0.04073040559887886, 0.7933000922203064])
('Character1_RightHandRing4', 'Character1_RightHandRing3', [0.4799332320690155, -0.03756442293524742, 0.7543419599533081], [0.502419114112854, -0.041907407343387604, 0.7704517245292664])
('Character1_RightHandPinky1', 'Character1_RightHand', [0.42576003074645996, -0.047465141862630844, 0.8243584036827087], [0.44594451785087585, -0.05345964804291725, 0.8412597179412842])
('Character1_RightHandPinky2', 'Character1_RightHandPinky1', [0.4420487880706787, -0.05198068916797638, 0.8033040165901184], [0.4579949378967285, -0.05669568106532097, 0.8144166469573975])
('Character1_RightHandPinky3', 'Character1_RightHandPinky2', [0.45276546478271484, -0.05492576211690903, 0.786676287651062], [0.4726981222629547, -0.06081950664520264, 0.8005669713020325])
('Character1_RightHandPinky4', 'Character1_RightHandPinky3', [0.4661613404750824, -0.05860712751746178, 0.7658917307853699], [0.48609399795532227, -0.06450087577104568, 0.7797824144363403])
Blender 5.2.2 LTS (hash d13f752e3b9c built 2026-09-15 01:37:04)

Blender quit
