warning: in the working copy of 'assets/audio/ar_fire.wav.import', LF will be replaced by CRLF the next time Git touches it
warning: in the working copy of 'assets/audio/defeat.wav.import', LF will be replaced by CRLF the next time Git touches it
warning: in the working copy of 'assets/audio/dodge.wav.import', LF will be replaced by CRLF the next time Git touches it
warning: in the working copy of 'assets/audio/enemy_fire.wav.import', LF will be replaced by CRLF the next time Git touches it
warning: in the working copy of 'assets/audio/explosion.wav.import', LF will be replaced by CRLF the next time Git touches it
warning: in the working copy of 'assets/audio/impact.wav.import', LF will be replaced by CRLF the next time Git touches it
warning: in the working copy of 'assets/audio/neon_bastion_loop.wav.import', LF will be replaced by CRLF the next time Git touches it
warning: in the working copy of 'assets/audio/player_hurt.wav.import', LF will be replaced by CRLF the next time Git touches it
warning: in the working copy of 'assets/audio/reload.wav.import', LF will be replaced by CRLF the next time Git touches it
warning: in the working copy of 'assets/audio/rocket_fire.wav.import', LF will be replaced by CRLF the next time Git touches it
warning: in the working copy of 'assets/audio/smg_fire.wav.import', LF will be replaced by CRLF the next time Git touches it
warning: in the working copy of 'assets/audio/ui_click.wav.import', LF will be replaced by CRLF the next time Git touches it
warning: in the working copy of 'assets/audio/ui_confirm.wav.import', LF will be replaced by CRLF the next time Git touches it
warning: in the working copy of 'assets/audio/victory.wav.import', LF will be replaced by CRLF the next time Git touches it
warning: in the working copy of 'assets/characters/quaternius_scifi/SciFi.gltf.import', LF will be replaced by CRLF the next time Git touches it
warning: in the working copy of 'assets/characters/unitychan_battle/animations/damaged.fbx.import', LF will be replaced by CRLF the next time Git touches it
warning: in the working copy of 'assets/characters/unitychan_battle/animations/idle.fbx.import', LF will be replaced by CRLF the next time Git touches it
warning: in the working copy of 'assets/characters/unitychan_battle/animations/run.fbx.import', LF will be replaced by CRLF the next time Git touches it
warning: in the working copy of 'assets/characters/unitychan_battle/animations/slide.fbx.import', LF will be replaced by CRLF the next time Git touches it
warning: in the working copy of 'assets/characters/unitychan_battle/animations/walk.fbx.import', LF will be replaced by CRLF the next time Git touches it
warning: in the working copy of 'assets/characters/unitychan_battle/animations/win.fbx.import', LF will be replaced by CRLF the next time Git touches it
warning: in the working copy of 'assets/characters/unitychan_battle/license/License Logo/Others/jpg/Dark_Silhouette.jpg.import', LF will be replaced by CRLF the next time Git touches it
warning: in the working copy of 'assets/characters/unitychan_battle/license/License Logo/Others/jpg/Light_Silhouette.jpg.import', LF will be replaced by CRLF the next time Git touches it
warning: in the working copy of 'assets/characters/unitychan_battle/license/License Logo/Others/png/Dark_Silhouette.png.import', LF will be replaced by CRLF the next time Git touches it
warning: in the working copy of 'assets/characters/unitychan_battle/license/License Logo/Others/png/Light_Frame.png.import', LF will be replaced by CRLF the next time Git touches it
warning: in the working copy of 'assets/characters/unitychan_battle/license/License Logo/Others/png/Light_Silhouette.png.import', LF will be replaced by CRLF the next time Git touches it
warning: in the working copy of 'assets/characters/unitychan_battle/license/License Logo/Others/svg/Dark_Silhouette.svg.import', LF will be replaced by CRLF the next time Git touches it
warning: in the working copy of 'assets/characters/unitychan_battle/license/License Logo/Others/svg/Light_Frame.svg.import', LF will be replaced by CRLF the next time Git touches it
warning: in the working copy of 'assets/characters/unitychan_battle/license/License Logo/Others/svg/Light_Silhouette.svg.import', LF will be replaced by CRLF the next time Git touches it
warning: in the working copy of 'assets/characters/unitychan_battle/textures/kohaku_A_Add.png.import', LF will be replaced by CRLF the next time Git touches it
warning: in the working copy of 'assets/characters/unitychan_battle/textures/kohaku_A_Add_Shd.png.import', LF will be replaced by CRLF the next time Git touches it
warning: in the working copy of 'assets/characters/unitychan_battle/textures/kohaku_A_Add_Spow.png.import', LF will be replaced by CRLF the next time Git touches it
warning: in the working copy of 'assets/characters/unitychan_battle/textures/kohaku_A_Body.png.import', LF will be replaced by CRLF the next time Git touches it
warning: in the working copy of 'assets/characters/unitychan_battle/textures/kohaku_A_Body_Shd.png.import', LF will be replaced by CRLF the next time Git touches it
warning: in the working copy of 'assets/characters/unitychan_battle/textures/kohaku_A_Body_spow.png.import', LF will be replaced by CRLF the next time Git touches it
warning: in the working copy of 'assets/characters/unitychan_battle/textures/kohaku_A_Hair_Spow.png.import', LF will be replaced by CRLF the next time Git touches it
warning: in the working copy of 'assets/characters/unitychan_battle/textures/kohaku_A_Skin_Shd.png.import', LF will be replaced by CRLF the next time Git touches it
warning: in the working copy of 'assets/characters/unitychan_battle/textures/kohaku_A_Wep.png.import', LF will be replaced by CRLF the next time Git touches it
warning: in the working copy of 'assets/characters/unitychan_battle/textures/kohaku_A_Wep_Emi.png.import', LF will be replaced by CRLF the next time Git touches it
warning: in the working copy of 'assets/characters/unitychan_battle/textures/kohaku_A_Wep_Shd.png.import', LF will be replaced by CRLF the next time Git touches it
warning: in the working copy of 'assets/characters/unitychan_battle/textures/kohaku_A_Wep_Spec.png.import', LF will be replaced by CRLF the next time Git touches it
warning: in the working copy of 'assets/characters/unitychan_battle/textures/kohaku_A_face3_lpow.png.import', LF will be replaced by CRLF the next time Git touches it
warning: in the working copy of 'assets/characters/unitychan_battle/textures/kohaku_A_face3_main.png.import', LF will be replaced by CRLF the next time Git touches it
warning: in the working copy of 'assets/characters/unitychan_battle/textures/kohaku_A_face3_main_Shd2.png.import', LF will be replaced by CRLF the next time Git touches it
warning: in the working copy of 'assets/characters/unitychan_battle/textures/kohaku_A_face3_main_spow.png.import', LF will be replaced by CRLF the next time Git touches it
warning: in the working copy of 'assets/characters/unitychan_battle/textures/kohaku_A_face3_main_sub.png.import', LF will be replaced by CRLF the next time Git touches it
warning: in the working copy of 'assets/characters/unitychan_battle/textures/kohaku_A_skin.png.import', LF will be replaced by CRLF the next time Git touches it
warning: in the working copy of 'assets/characters/unitychan_battle/textures/kohaku_A_skin_spow.png.import', LF will be replaced by CRLF the next time Git touches it
warning: in the working copy of 'assets/characters/unitychan_battle/textures/para_height2.png.import', LF will be replaced by CRLF the next time Git touches it
warning: in the working copy of 'assets/characters/vrm_avatar/avatar_sample_a.glb.import', LF will be replaced by CRLF the next time Git touches it
warning: in the working copy of 'assets/characters/vrm_avatar/avatar_sample_a_MatcapWarp.png.import', LF will be replaced by CRLF the next time Git touches it
warning: in the working copy of 'assets/characters/vrm_avatar/avatar_sample_a_N00_000_00_Face_00_out.png.import', LF will be replaced by CRLF the next time Git touches it
warning: in the working copy of 'assets/characters/vrm_avatar/avatar_sample_a_N00_000_Hair_00_nml.png.import', LF will be replaced by CRLF the next time Git touches it
warning: in the working copy of 'assets/characters/vrm_avatar/avatar_sample_a_Shader_NoneBlack.png.import', LF will be replaced by CRLF the next time Git touches it
warning: in the working copy of 'assets/characters/vrm_avatar/avatar_sample_a_Shader_NoneNormal.png.import', LF will be replaced by CRLF the next time Git touches it
warning: in the working copy of 'assets/characters/vrm_avatar/avatar_sample_a_Thumbnail.png.import', LF will be replaced by CRLF the next time Git touches it
warning: in the working copy of 'assets/characters/vrm_avatar/avatar_sample_a__01.png.import', LF will be replaced by CRLF the next time Git touches it
warning: in the working copy of 'assets/characters/vrm_avatar/avatar_sample_a__02.png.import', LF will be replaced by CRLF the next time Git touches it
warning: in the working copy of 'assets/characters/vrm_avatar/avatar_sample_a__03.png.import', LF will be replaced by CRLF the next time Git touches it
warning: in the working copy of 'assets/characters/vrm_avatar/avatar_sample_a__04.png.import', LF will be replaced by CRLF the next time Git touches it
warning: in the working copy of 'assets/characters/vrm_avatar/avatar_sample_a__05.png.import', LF will be replaced by CRLF the next time Git touches it
warning: in the working copy of 'assets/characters/vrm_avatar/avatar_sample_a__06.png.import', LF will be replaced by CRLF the next time Git touches it
warning: in the working copy of 'assets/characters/vrm_avatar/avatar_sample_a__07.png.import', LF will be replaced by CRLF the next time Git touches it
warning: in the working copy of 'assets/characters/vrm_avatar/avatar_sample_a__09.png.import', LF will be replaced by CRLF the next time Git touches it
warning: in the working copy of 'assets/characters/vrm_avatar/avatar_sample_a__10.png.import', LF will be replaced by CRLF the next time Git touches it
warning: in the working copy of 'assets/characters/vrm_avatar/avatar_sample_a__11.png.import', LF will be replaced by CRLF the next time Git touches it
warning: in the working copy of 'assets/characters/vrm_avatar/avatar_sample_a__12.png.import', LF will be replaced by CRLF the next time Git touches it
warning: in the working copy of 'assets/characters/vrm_avatar/avatar_sample_a__13.png.import', LF will be replaced by CRLF the next time Git touches it
warning: in the working copy of 'assets/characters/vrm_avatar/avatar_sample_a__14.png.import', LF will be replaced by CRLF the next time Git touches it
warning: in the working copy of 'assets/characters/vrm_avatar/avatar_sample_a__15.png.import', LF will be replaced by CRLF the next time Git touches it
warning: in the working copy of 'assets/characters/vrm_avatar/avatar_sample_a__16.png.import', LF will be replaced by CRLF the next time Git touches it
warning: in the working copy of 'assets/characters/vrm_avatar/avatar_sample_a__17.png.import', LF will be replaced by CRLF the next time Git touches it
warning: in the working copy of 'assets/characters/vrm_avatar/avatar_sample_a__18.png.import', LF will be replaced by CRLF the next time Git touches it
warning: in the working copy of 'assets/characters/vrm_avatar/avatar_sample_a__19.png.import', LF will be replaced by CRLF the next time Git touches it
warning: in the working copy of 'assets/characters/vrm_avatar/avatar_sample_a__20.png.import', LF will be replaced by CRLF the next time Git touches it
warning: in the working copy of 'assets/characters/vrm_avatar/avatar_sample_a__21.png.import', LF will be replaced by CRLF the next time Git touches it
warning: in the working copy of 'assets/characters/vrm_avatar/avatar_sample_a__22.png.import', LF will be replaced by CRLF the next time Git touches it
warning: in the working copy of 'assets/environment/kenney_space_station_kit/Textures/colormap.png.import', LF will be replaced by CRLF the next time Git touches it
warning: in the working copy of 'assets/environment/kenney_space_station_kit/chair.glb.import', LF will be replaced by CRLF the next time Git touches it
warning: in the working copy of 'assets/environment/kenney_space_station_kit/computer-screen.glb.import', LF will be replaced by CRLF the next time Git touches it
warning: in the working copy of 'assets/environment/kenney_space_station_kit/computer-system.glb.import', LF will be replaced by CRLF the next time Git touches it
warning: in the working copy of 'assets/environment/kenney_space_station_kit/container-flat.glb.import', LF will be replaced by CRLF the next time Git touches it
warning: in the working copy of 'assets/environment/kenney_space_station_kit/container-tall.glb.import', LF will be replaced by CRLF the next time Git touches it
warning: in the working copy of 'assets/environment/kenney_space_station_kit/display-wall.glb.import', LF will be replaced by CRLF the next time Git touches it
warning: in the working copy of 'assets/environment/kenney_space_station_kit/door-double-closed.glb.import', LF will be replaced by CRLF the next time Git touches it
warning: in the working copy of 'assets/environment/kenney_space_station_kit/floor-detail.glb.import', LF will be replaced by CRLF the next time Git touches it
warning: in the working copy of 'assets/environment/kenney_space_station_kit/floor.glb.import', LF will be replaced by CRLF the next time Git touches it
warning: in the working copy of 'assets/environment/kenney_space_station_kit/pipe-bend.glb.import', LF will be replaced by CRLF the next time Git touches it
warning: in the working copy of 'assets/environment/kenney_space_station_kit/pipe.glb.import', LF will be replaced by CRLF the next time Git touches it
warning: in the working copy of 'assets/environment/kenney_space_station_kit/table.glb.import', LF will be replaced by CRLF the next time Git touches it
warning: in the working copy of 'assets/environment/kenney_space_station_kit/wall-detail.glb.import', LF will be replaced by CRLF the next time Git touches it
warning: in the working copy of 'assets/environment/kenney_space_station_kit/wall-switch.glb.import', LF will be replaced by CRLF the next time Git touches it
warning: in the working copy of 'assets/environment/kenney_space_station_kit/wall-window.glb.import', LF will be replaced by CRLF the next time Git touches it
warning: in the working copy of 'assets/environment/kenney_space_station_kit/wall.glb.import', LF will be replaced by CRLF the next time Git touches it
warning: in the working copy of 'assets/weapons/kenney_blaster_kit/Textures/colormap.png.import', LF will be replaced by CRLF the next time Git touches it
warning: in the working copy of 'assets/weapons/kenney_blaster_kit/blaster-e.glb.import', LF will be replaced by CRLF the next time Git touches it
warning: in the working copy of 'assets/weapons/kenney_blaster_kit/blaster-g.glb.import', LF will be replaced by CRLF the next time Git touches it
warning: in the working copy of 'assets/weapons/kenney_blaster_kit/blaster-o.glb.import', LF will be replaced by CRLF the next time Git touches it
warning: in the working copy of 'project.godot', LF will be replaced by CRLF the next time Git touches it
{"project": "C:\\Users\\admin\\AppData\\Local\\Temp\\bunny_phase3a3_20260926_003306\\project", "output": "C:\\Users\\admin\\AppData\\Local\\Temp\\bunny_phase3a3_20260926_003306", "master_exists": true, "official_hashes_match": 68, "production_player_sha256": "48a36086c6bdf54f9ade39b97bdfa6910cf887ac816871a9a493c2db04d13b8c", "git_head": "c4ca114e732ff8508370928dd5d16e04d838a6a0"}
{'project': 'C:\\Users\\admin\\AppData\\Local\\Temp\\bunny_phase3a3_20260926_003306\\project', 'output': 'C:\\Users\\admin\\AppData\\Local\\Temp\\bunny_phase3a3_20260926_003306', 'master_exists': True, 'official_hashes_match': 68, 'production_player_sha256': '48a36086c6bdf54f9ade39b97bdfa6910cf887ac816871a9a493c2db04d13b8c', 'git_head': 'c4ca114e732ff8508370928dd5d16e04d838a6a0', 'cold_import_exit': 0, 'errors': 0, 'warnings': 0}
