Godot Engine v4.7.2.stable.official.ed1daf0bf - https://godotengine.org
OpenGL API 3.3.0 NVIDIA 616.92 - Compatibility - Using Device: NVIDIA - NVIDIA GeForce RTX 5090

PHASE4B_ROUTE: AUTOMATED INPUT/API, NOT MANUAL; NORMAL AI; NO TELEPORT/INVULNERABILITY
CAPTURE 01_hanger (1280, 720) error=0
WAYPOINT (-16.0, 0.0, 26.0) reached (-15.59571, -0.02416, 26.08633)
CAPTURE 02_entrance (1280, 720) error=0
WAYPOINT (-16.0, 0.0, 24.7) reached (-15.84355, -0.02416, 25.02316)
WAYPOINT (-16.0, 0.0, 21.5) reached (-15.83662, -0.00417, 21.87795)
WAYPOINT (-19.5, 0.0, 21.0) reached (-19.16941, -0.006046, 21.18739)
CAPTURE 03_inside (1280, 720) error=0
CAPTURE switch_0_Rocket (1280, 720) error=0
CAPTURE switch_1_SMG (1280, 720) error=0
CAPTURE switch_2_Rocket (1280, 720) error=0
CAPTURE switch_3_SMG (1280, 720) error=0
WAYPOINT (-19.5, 0.0, 13.1) reached (-19.35297, -0.00441, 13.43003)
CAPTURE 04_terminal (1280, 720) error=0
CAPTURE 04b_terminal_interacted (1280, 720) error=0
WAYPOINT (-19.5, 0.0, 21.0) reached (-19.34808, -0.005883, 20.61416)
WAYPOINT (-16.0, 0.0, 21.5) reached (-16.33072, -0.004866, 21.5752)
WAYPOINT (-16.0, 0.0, 26.0) reached (-16.12932, -0.024161, 25.71731)
CAPTURE 05b_after_dodge (1280, 720) error=0
CAPTURE 05_exit (1280, 720) error=0
WAYPOINT (0.0, 0.0, 30.0) reached (-0.311876, -0.024161, 30.17716)
WAYPOINT (2.5, 0.0, 32.0) reached (2.066234, -0.024161, 31.89544)
OUTCOME enemies_defeated=0 damage_taken=21 mission_completed=false
CAPTURE 06_result (1280, 720) error=0
CAPTURE 07_return_hanger (1280, 720) error=0
{"checks":{"Combat still works":true,"Dodge executed":true,"Door interaction":true,"Enter Field Office":true,"Existing save loaded":true,"Exit Field Office":true,"Extraction":true,"Field Office entrance visible":true,"Hanger launches":true,"Initial weapon restored":true,"Interior traversal":true,"Player movement":true,"Presentation retained after return":true,"Production camera":true,"Result":true,"Result uses same session identity":true,"Return to original route":true,"Returned to Hanger":true,"Same logical profile object":true,"Same sortie Player actor":true,"Same sortie session":true,"Session cleared after commit":true,"Terminal area reachable":true,"Terminal interaction completed":true,"reload_0":true,"reload_1":true,"reload_2":true,"reload_3":true,"switch_pose_0":true,"switch_pose_1":true,"switch_pose_2":true,"switch_pose_3":true},"combat":{"damage_taken":21,"enemies_defeated":0,"mission_completed":false,"shots":102},"combat_scope":"weapon fire and normal enemy AI; kill/damage semantics are covered by regression suites","failure":"","method":"automated input/API, not manual","mission_completed":false,"weapon_checks":[{"ammo_after":1,"ammo_before":0,"expected_pose":"Rocket","fired":true,"id":"weapon.rocket_launcher_01","reload":true,"selected_pose":"Rocket"},{"ammo_after":36,"ammo_before":31,"expected_pose":"SMG","fired":true,"id":"weapon.smg_01","reload":true,"selected_pose":"SMG"},{"ammo_after":1,"ammo_before":0,"expected_pose":"Rocket","fired":true,"id":"weapon.rocket_launcher_01","reload":true,"selected_pose":"Rocket"},{"ammo_after":36,"ammo_before":35,"expected_pose":"SMG","fired":true,"id":"weapon.smg_01","reload":true,"selected_pose":"SMG"}]}
