Godot Engine v4.7.2.stable.official.ed1daf0bf - https://godotengine.org
OpenGL API 4.1 Metal - 90.5 - Compatibility - Using Device: Apple - Apple M5

PHASE2B_ROUTE: AUTOMATED INPUT/API, NOT MANUAL; NORMAL AI; NO TELEPORT/INVULNERABILITY
CAPTURE 01_hanger (1280, 720) error=0
WAYPOINT (-16.0, 0.0, 26.0) reached (-15.62115, -0.024161, 26.18342)
CAPTURE 02_entrance (1280, 720) error=0
WAYPOINT (-16.0, 0.0, 24.7) reached (-16.10645, -0.025006, 25.09727)
WAYPOINT (-16.0, 0.0, 21.5) reached (-16.10849, -0.004167, 21.82491)
WAYPOINT (-19.5, 0.0, 21.0) reached (-19.06646, -0.004404, 20.97364)
CAPTURE 03_inside (1280, 720) error=0
WAYPOINT (-19.5, 0.0, 13.1) reached (-19.65574, -0.004173, 13.38868)
CAPTURE 04_terminal (1280, 720) error=0
WAYPOINT (-19.5, 0.0, 21.0) reached (-19.64855, -0.006017, 20.70197)
WAYPOINT (-16.0, 0.0, 21.5) reached (-16.34764, -0.004612, 21.7042)
WAYPOINT (-16.0, 0.0, 26.0) reached (-16.00576, -0.02416, 25.63093)
CAPTURE 05_exit (1280, 720) error=0
WAYPOINT (0.0, 0.0, 30.0) reached (-0.396548, -0.024161, 30.20338)
WAYPOINT (2.5, 0.0, 32.0) reached (2.16041, -0.02416, 32.22555)
OUTCOME enemies_defeated=0 damage_taken=3 mission_completed=false
CAPTURE 06_result (1280, 720) error=0
{"checks":{"Combat still works":true,"Door interaction":true,"Enter Field Office":true,"Exit Field Office":true,"Extraction":true,"Field Office entrance visible":true,"Hanger launches":true,"Interior traversal":true,"Player movement":true,"Production camera":true,"Result":true,"Return to original route":true,"Terminal area reachable":true},"combat":{"damage_taken":3,"enemies_defeated":0,"shots":57},"combat_scope":"weapon fire and normal enemy AI; kill/damage semantics are covered by regression suites","failure":"","method":"automated input/API, not manual","mission_completed":false}
