Godot Engine v4.7.2.stable.official.ed1daf0bf - https://godotengine.org
Metal 4.0 - Forward+ - Using Device #0: Apple - Apple M5 (Apple9)

PASS / Old saves receive positions without changing ownership
PASS / Malformed and stale presentation positions repair safely
PASS / Equipped gear is excluded from the warehouse cells
PASS / Occupied placement rejects without moving any item
PASS / Weapon extending past right edge rejects
PASS / Incompatible equipment rejects without unequipping
PASS / Mouse press and movement start an actual item drag
PASS / R rotates the item while dragging
PASS / Native GUI drag moves a rotated pistol to the requested cells
PASS / Mouse press and movement start an actual item drag
PASS / Native GUI drag swaps occupied weapon slots atomically
PASS / Mouse press and movement start an actual item drag
PASS / Native GUI drag returns equipped gear to warehouse
PASS / Mouse press and movement start an actual item drag
PASS / Native GUI drag equips armor and updates the actual loadout
PASS / Armor HUD reflects heavy protection after drag equip
PASS / Transfers preserve every instance, quantity, durability and inventory capacity
PASS / Grid layout and loadout save through the normal atomic save service
PASS / Reload preserves exact cells, orientation and gear slots
PASS / Recovered salvage descriptions display in Chinese
PASS / Equipment selector names update back to English
PASS / Equipment stays inside viewport at (1920, 1080)
PASS / Mission terminal stays above navigation at (1920, 1080)
PASS / Warehouse scroll area stays above hub navigation at (1920, 1080)
PASS / Equipment stays inside viewport at (1440, 900)
PASS / Mission terminal stays above navigation at (1440, 900)
PASS / Warehouse scroll area stays above hub navigation at (1440, 900)
PASS / Selected item details update live when language changes
PASS / Inventory thumbnail exists for weapon.lmg_01
PASS / Inventory thumbnail exists for weapon.sniper_01
PASS / Inventory thumbnail exists for weapon.shotgun_01
PASS / Inventory thumbnail exists for weapon.pistol_01
PASS / Inventory thumbnail exists for equipment.thruster_pack_01
PASS / Inventory thumbnail exists for armor.bulwark_plate_01
PASS / Inventory thumbnail exists for equipment.field_pack_01
PASS / Inventory thumbnail exists for armor.recon_shell_01
PASS / Inventory thumbnail exists for weapon.rocket_launcher_01
PASS / Inventory thumbnail exists for weapon.assault_rifle_01
PASS / Inventory thumbnail exists for weapon.smg_01
PASS / Inventory thumbnail exists for ammo.556_standard
PASS / Inventory thumbnail exists for ammo.rocket_standard
PASS / Inventory thumbnail exists for ammo.9mm_standard
PASS / Inventory thumbnail exists for ammo.12g_buckshot
PASS / Inventory thumbnail exists for ammo.762_standard
PASS / Inventory thumbnail exists for loot.salvage_core_01
PASS / New loot automatically receives free cells and extends the scrollable warehouse
STASH_PROBE: PASS / []
