Godot Engine v4.7.2.stable.official.ed1daf0bf - https://godotengine.org
OpenGL API 3.3.0 NVIDIA 616.92 - Compatibility - Using Device: NVIDIA - NVIDIA GeForce RTX 5090

PHASE2B_ROUTE: AUTOMATED INPUT/API, NOT MANUAL; NORMAL AI; NO TELEPORT/INVULNERABILITY
CAPTURE 01_hanger (1280, 720) error=0
WAYPOINT (-16.0, 0.0, 26.0) reached (-15.65128, -0.024161, 26.14213)
CAPTURE 02_entrance (1280, 720) error=0
WAYPOINT (-16.0, 0.0, 24.7) reached (-16.00902, -0.024995, 25.13692)
WAYPOINT (-16.0, 0.0, 21.5) reached (-16.00948, -0.004175, 21.86718)
WAYPOINT (-19.5, 0.0, 21.0) reached (-19.18509, -0.004404, 21.10176)
CAPTURE 03_inside (1280, 720) error=0
CAPTURE switch_0_Rocket (1280, 720) error=0
CAPTURE switch_1_Rifle (1280, 720) error=0
CAPTURE switch_2_Rocket (1280, 720) error=0
CAPTURE switch_3_Rifle (1280, 720) error=0
WAYPOINT (-19.5, 0.0, 13.1) reached (-19.44746, -0.004922, 13.44372)
CAPTURE 04_terminal (1280, 720) error=0
CAPTURE 04b_terminal_interacted (1280, 720) error=0
WAYPOINT (-19.5, 0.0, 21.0) reached (-19.44773, -0.006273, 20.62033)
WAYPOINT (-16.0, 0.0, 21.5) reached (-16.40525, -0.005127, 21.61759)
WAYPOINT (-16.0, 0.0, 26.0) reached (-15.84558, -0.024161, 25.57973)
CAPTURE 05_exit (1280, 720) error=0
WAYPOINT (0.0, 0.0, 30.0) reached (-0.385858, -0.02416, 30.175)
WAYPOINT (2.5, 0.0, 32.0) reached (2.168144, -0.024161, 32.20004)
OUTCOME enemies_defeated=0 damage_taken=15 mission_completed=false
CAPTURE 06_result (1280, 720) error=0
{"checks":{"Combat still works":true,"Door interaction":true,"Enter Field Office":true,"Exit Field Office":true,"Extraction":true,"Field Office entrance visible":true,"Hanger launches":true,"Initial weapon restored":true,"Interior traversal":true,"Player movement":true,"Production camera":true,"Result":true,"Return to original route":true,"Terminal area reachable":true,"Terminal interaction completed":true,"reload_0":true,"reload_1":true,"reload_2":true,"reload_3":true,"switch_pose_0":true,"switch_pose_1":true,"switch_pose_2":true,"switch_pose_3":true},"combat":{"damage_taken":15,"enemies_defeated":0,"shots":64},"combat_scope":"weapon fire and normal enemy AI; kill/damage semantics are covered by regression suites","failure":"","method":"automated input/API, not manual","mission_completed":false,"weapon_checks":[{"ammo_after":1,"ammo_before":0,"expected_pose":"Rocket","fired":true,"id":"weapon.rocket_launcher_01","reload":true,"selected_pose":"Rocket"},{"ammo_after":30,"ammo_before":4,"expected_pose":"Rifle","fired":true,"id":"weapon.assault_rifle_01","reload":true,"selected_pose":"Rifle"},{"ammo_after":1,"ammo_before":0,"expected_pose":"Rocket","fired":true,"id":"weapon.rocket_launcher_01","reload":true,"selected_pose":"Rocket"},{"ammo_after":30,"ammo_before":29,"expected_pose":"Rifle","fired":true,"id":"weapon.assault_rifle_01","reload":true,"selected_pose":"Rifle"}]}
